// Jest Snapshot v1, https://goo.gl/fbAQLP

exports[`Header 1`] = `
<Connect(Provider)
  locale="en-GB"
  phrases={
    Object {
      "en-GB": Object {
        "links": Object {
          "allTags": "View all tags",
        },
        "messages": Object {
          "popularTags": "Popular tags",
        },
      },
    }
  }
>
  <section
    className="tagsList"
  >
    <header
      className="tagsHeader"
    >
      <h2>
        <Connect(Translate)
          locale="en-GB"
          phrase="messages.popularTags"
        />
      </h2>
      <Link
        className="allTagsLink"
        to="/tags"
      >
        <Connect(Translate)
          locale="en-GB"
          phrase="links.allTags"
        />
      </Link>
    </header>
    <ul
      className="tagLinks"
    >
      <li
        className="tag"
        key="tag-one"
      >
        <Link
          to="/tags/tag-one"
        >
          tag-one
        </Link>
      </li>
      <li
        className="tag"
        key="tag-two"
      >
        <Link
          to="/tags/tag-two"
        >
          tag-two
        </Link>
      </li>
      <li
        className="tag"
        key="tag-three"
      >
        <Link
          to="/tags/tag-three"
        >
          tag-three
        </Link>
      </li>
    </ul>
  </section>
</Connect(Provider)>
`;
